<testsuites name="jest tests" tests="4" failures="1" time="4.27">
  <testsuite name="undefined" errors="0" failures="1" skipped="0" timestamp="2020-11-17T05:48:39" time="4.27" tests="4">
    <testcase classname=" Initial articles render correctly" name=" Initial articles render correctly" time="0.053">
      <failure>Error: expect(received).toEqual(expected) // deep equality

- Expected
+ Received

  Array [
-   &quot;Artificial Mountains&quot;,
-   &quot;200&quot;,
-   &quot;2019-11-23&quot;,
+   &quot;Alphabet earnings&quot;,
+   &quot;22&quot;,
+   &quot;2011-11-23&quot;,
  ]
    at forEach (C:\Users\vimala.sirvi\Desktop\TEST2\src\App.test.js:89:36)
    at Array.forEach (&lt;anonymous&gt;)
    at expectArticles (C:\Users\vimala.sirvi\Desktop\TEST2\src\App.test.js:84:12)
    at Object.&lt;anonymous&gt;.test (C:\Users\vimala.sirvi\Desktop\TEST2\src\App.test.js:97:3)
    at Object.asyncJestTest (C:\Users\vimala.sirvi\Desktop\TEST2\node_modules\jest-jasmine2\build\jasmineAsyncInstall.js:102:37)
    at resolve (C:\Users\vimala.sirvi\Desktop\TEST2\node_modules\jest-jasmine2\build\queueRunner.js:43:12)
    at new Promise (&lt;anonymous&gt;)
    at mapper (C:\Users\vimala.sirvi\Desktop\TEST2\node_modules\jest-jasmine2\build\queueRunner.js:26:19)
    at promise.then (C:\Users\vimala.sirvi\Desktop\TEST2\node_modules\jest-jasmine2\build\queueRunner.js:73:41)
    at process._tickCallback (internal/process/next_tick.js:68:7)</failure>
    </testcase>
    <testcase classname=" Clicking on top renders expected articles" name=" Clicking on top renders expected articles" time="0.024">
    </testcase>
    <testcase classname=" Clicking on newest renders expected articles" name=" Clicking on newest renders expected articles" time="0.014">
    </testcase>
    <testcase classname=" Sequence of navigation clicks renders expected artices" name=" Sequence of navigation clicks renders expected artices" time="0.035">
    </testcase>
  </testsuite>
</testsuites>